Resolving dependencies...
Downloading packages...
  geocoding_android 4.0.1 (5.0.0 available)
  geocoding_platform_interface 3.2.0 (5.0.0 available)
  meta 1.17.0 (1.18.1 available)
  mgrs_dart 2.0.0 (3.0.0 available)
  palette_generator 0.3.3+7 (discontinued)
  proj4dart 2.1.0 (3.0.0 available)
  shared_preferences_android 2.4.20 (2.4.21 available)
  unicode 0.3.1 (1.1.9 available)
Got dependencies!
1 package is discontinued.
7 packages have newer versions incompatible with dependency constraints.
Try `flutter pub outdated` for more information.
Running Gradle task 'assembleDebug'...                          
Running Gradle task 'assembleDebug'...                             15.0s
